   F  	   C
     0	-17.78
    20	 -6.67
    40	  4.44
    60	 15.56
    80	 26.67
   100	 37.78
   120	 48.89
   140	 60.00
   160	 71.11
   180	 82.22
   200	 93.33
   220	104.44
   240	115.56
   260	126.67
   280	137.78
   300	148.89
